[www.himalayan.com/index.html]
[backblue.gif]
[fade.gif]
[index.html]
[www.himalayan.com/wp-content/uploads/2019/08/output-onlinepngtools_favicon.png]
[www.himalayan.com/wp-content/themes/sportclub/assets/css/style.css]
[www.himalayan.com/wp-content/themes/sportclub/assets/css/developer.css]
[cdnjs.cloudflare.com/ajax/libs/slick-carousel/1.9.0/slick-theme.min.css]
[cdnjs.cloudflare.com/ajax/libs/slick-carousel/1.9.0/slick.min.css]
[www.himalayan.com/wp-content/themes/sportclub/assets/slick/slick.css]
[www.himalayan.com/wp-content/themes/sportclub/assets/slick/slick-theme.css]
[www.himalayan.com/wp-content/themes/sportclub/assets/css/lightbox.min.css]
[www.himalayan.com/wp-content/themes/sportclub/assets/css/lightbox.css]
[cdnjs.cloudflare.com/ajax/libs/font-awesome/4.7.0/css/font-awesome.min.css]
[code.jquery.com/ui/1.12.1/themes/base/jquery-ui.css]
[www.himalayan.com/wp-includes/css/dist/block-library/style.min2050.css]
[www.himalayan.com/wp-content/plugins/contact-form-7/includes/css/stylesb62d.css]
[www.himalayan.com/wp-includes/js/jquery/jquery-migrate.min330a.js]
[www.himalayan.com/wp-includes/js/jquery/jquery4a5f.js]
[www.himalayan.com/xmlrpc0db0.php]
[www.himalayan.com/wp-json/index.html]
[www.himalayan.com/wp-includes/wlwmanifest.xml]
[www.himalayan.com/wp-json/oembed/1.0/embedc4c1.json]
[www.himalayan.com/wp-json/oembed/1.0/embedb055]
[www.himalayan.com/wp-content/uploads/2020/03/logo.png]
[www.himalayan.com/wp-content/uploads/2021/09/Notice-For-the-58th-Annual-General-Meeting.pdf]
[www.himalayan.com/president-message/index.html]
[www.himalayan.com/glorious-past/index.html]
[www.himalayan.com/wp-content/uploads/2021/09/Annual-Report-2020-21.pdf]
[www.himalayan.com/committee-members/index.html]
[www.himalayan.com/wp-content/uploads/2021/09/Annual-Return.pdf]
[www.himalayan.com/gallery/index.html]
[www.himalayan.com/wp-content/uploads/2021/09/Newspaper-Advertisement.pdf]
[www.himalayan.com/wp-content/uploads/2021/09/Nominations-for-Directorship-at-58th-AGM-to-be-held-on-27th-September-2021.pdf]
[www.himalayan.com/wp-content/uploads/2021/09/SCRUTINIZERS-REPORT-OF-58TH-AGM.pdf]
[www.himalayan.com/wp-content/uploads/2020/09/Memorandum-Articles-of-Association.pdf]
[www.himalayan.com/wp-content/uploads/2020/02/IMG_4561.jpg]
[www.himalayan.com/club-activities/aqua-point/index.html]
[www.himalayan.com/wp-content/uploads/2019/09/main_cover1.png]
[www.himalayan.com/club-activities/badminton/index.html]
[www.himalayan.com/wp-content/themes/sportclub/assets/images/slidermouse.png]
[www.himalayan.com/club-activities/billiards/index.html]
[www.himalayan.com/wp-content/themes/sportclub/assets/images/arrow-right.png]
[www.himalayan.com/club-activities/body-zone/index.html]
[www.himalayan.com/wp-content/uploads/2019/09/maincover_img.png]
[www.himalayan.com/club-activities/card-room/index.html]
[www.himalayan.com/wp-content/uploads/2019/08/lawn_img.png]
[www.himalayan.com/club-activities/cricket/index.html]
[www.himalayan.com/wp-content/uploads/2019/09/rooms_img-1.png]
[www.himalayan.com/club-activities/home-theatre/index.html]
[www.himalayan.com/wp-content/themes/sportclub/assets/images/sp_bg.png]
[www.himalayan.com/club-activities/table-tennis/index.html]
[www.himalayan.com/wp-content/uploads/2019/08/aquapoint-300x225.png]
[www.himalayan.com/club-activities/squash/index.html]
[www.himalayan.com/wp-content/themes/sportclub/assets/images/arrow-white.png]
[www.himalayan.com/club-activities/music/index.html]
[www.himalayan.com/wp-content/uploads/2019/08/badminton-1-300x200.png]
[www.himalayan.com/facilities/accomodation/index.html]
[www.himalayan.com/wp-content/uploads/2019/08/billiards-300x200.png]
[www.himalayan.com/facilities/banquet-multipurpose-hall/index.html]
[www.himalayan.com/wp-content/uploads/2019/08/bodyzone-300x200.png]
[www.himalayan.com/facilities/food-and-beverages/index.html]
[www.himalayan.com/wp-content/uploads/2019/08/cardroom-300x200.png]
[www.himalayan.com/facilities/lawn/index.html]
[www.himalayan.com/wp-content/uploads/2019/08/cricket-300x200.png]
[www.himalayan.com/facilities/library/index.html]
[www.himalayan.com/wp-content/uploads/2019/08/hometheatre-300x200.png]
[www.himalayan.com/book-list/index.html]
[www.himalayan.com/wp-content/uploads/2019/08/open-air-theatre-300x175.jpg]
[www.himalayan.com/club-activities/open-air-theatre/index.html]
[www.himalayan.com/wp-content/uploads/2019/08/tabletennis-300x200.png]
[www.himalayan.com/membership/about-membership/index.html]
[www.himalayan.com/wp-content/uploads/2020/01/IMG_0403-300x200.jpg]
[www.himalayan.com/membership/membership-fees/index.html]
[www.himalayan.com/wp-content/uploads/2020/01/IMG_7271-1.jpg]
[www.himalayan.com/membership/institutional-membership/index.html]
[www.himalayan.com/wp-content/uploads/2019/09/home_dining.png]
[www.himalayan.com/membership/life-membership/index.html]
[www.himalayan.com/wp-content/uploads/2019/09/home_lawn.png]
[www.himalayan.com/membership/other-membership/index.html]
[www.himalayan.com/wp-content/uploads/2019/09/home_library.png]
[www.himalayan.com/membership/ordinary-membership/index.html]
[www.himalayan.com/wp-content/uploads/2020/01/DSC_2873.jpg]
[www.himalayan.com/membership/provisional-membership/index.html]
[www.himalayan.com/wp-content/uploads/2020/01/20-central-sit-out.jpg]
[www.himalayan.com/membership/new-unit-membership/index.html]
[www.himalayan.com/wp-content/uploads/2019/08/gallery-1-big.jpg]
[www.himalayan.com/inquiry-form/index.html]
[www.himalayan.com/wp-content/uploads/2019/08/gallery-17-big.jpg]
[www.himalayan.com/associated-clubs/index.html]
[www.himalayan.com/wp-content/uploads/2019/08/gallery-13-big.jpg]
[www.himalayan.com/new-events/index.html]
[www.himalayan.com/wp-content/uploads/2019/08/gallery-4-big.jpg]
[www.himalayan.com/news/index.html]
[www.himalayan.com/wp-content/uploads/2019/08/gallery-2-big.jpg]
[www.himalayan.com/contact-us/index.html]
[www.himalayan.com/wp-content/uploads/2019/08/gallery-8-big.jpg]
[www.himalayan.com/wp-content/uploads/2020/11/faa-1.png]
[www.himalayan.com/wp-content/uploads/2020/11/in-1.png]
[www.himalayan.com/wp-content/uploads/2020/12/footer_bg.png]
[www.himalayan.com/terms-conditions/index.html]
[www.himalayan.com/wp-content/plugins/contact-form-7/includes/js/scriptsb62d.js]
[www.himalayan.com/privacy-policy/index.html]
[www.google.com/recaptcha/api6dd8.js]
[www.himalayan.com/wp-includes/js/wp-embed.min2050.js]
[www.himalayan.com/wp-content/themes/sportclub/assets/js/page/products.js]
[www.himalayan.com/wp-content/themes/sportclub/assets/js/main.js]
[www.himalayan.com/wp-content/themes/sportclub/assets/js/hamburger.js]
[cdnjs.cloudflare.com/ajax/libs/slick-carousel/1.9.0/slick.min.js]
[www.himalayan.com/wp-content/themes/sportclub/assets/js/opener.js]
[www.himalayan.com/wp-content/themes/sportclub/assets/js/parallax.js]
[www.himalayan.com/wp-content/themes/sportclub/assets/js/common.js]
[cdnjs.cloudflare.com/ajax/libs/jquery/3.4.1/jquery.min.js]
[www.himalayan.com/wp-content/themes/sportclub/assets/js/custom.js]
[www.himalayan.com/wp-content/themes/sportclub/assets/slick/slick.min.js]
[www.himalayan.com/wp-content/themes/sportclub/assets/js/lightbox-plus-jquery.min.js]
[www.himalayan.com/wp-content/themes/sportclub/assets/masonry-docs/masonry.pkgd.min.js]
[www.himalayan.com/wp-content/themes/sportclub/assets/images/close.png]
[www.himalayan.com/index.html]
[www.himalayan.com/wp-content/themes/sportclub/assets/css/variables.css]
[www.himalayan.com/wp-content/themes/sportclub/assets/css/grid.css]
[www.himalayan.com/wp-content/themes/sportclub/assets/css/common.css]
[www.himalayan.com/wp-content/themes/sportclub/assets/css/hamburger.css]
[www.himalayan.com/wp-content/themes/sportclub/assets/css/header.css]
[www.himalayan.com/wp-content/themes/sportclub/assets/css/hero.css]
[www.himalayan.com/wp-content/themes/sportclub/assets/css/about.css]
[www.himalayan.com/wp-content/themes/sportclub/assets/css/facility.css]
[www.himalayan.com/wp-content/themes/sportclub/assets/css/photo-gallery.css]
[www.himalayan.com/wp-content/themes/sportclub/assets/css/map.css]
[www.himalayan.com/wp-content/themes/sportclub/assets/css/footer.css]
[www.himalayan.com/wp-content/themes/sportclub/assets/css/privacy.css]
[www.himalayan.com/wp-content/themes/sportclub/assets/css/president-message.css]
[code.jquery.com/jquery-1.12.4.js]
[www.himalayan.com/wp-content/themes/sportclub/assets/css/glorious-past.css]
[www.himalayan.com/wp-content/themes/sportclub/assets/css/committee-members.css]
[www.himalayan.com/wp-content/themes/sportclub/assets/css/gallery.css]
[www.himalayan.com/wp-content/themes/sportclub/assets/css/aquapoint.css]
[code.jquery.com/ui/1.12.1/jquery-ui.js]
[www.himalayan.com/wp-content/themes/sportclub/assets/css/badminton.css]
[www.himalayan.com/wp-content/themes/sportclub/assets/css/billiards.css]
[www.himalayan.com/wp-content/themes/sportclub/assets/css/body-zone.css]
[www.himalayan.com/wp-content/themes/sportclub/assets/css/card-room.css]
[www.himalayan.com/wp-content/themes/sportclub/assets/css/cricket.css]
[www.himalayan.com/wp-content/themes/sportclub/assets/css/home-theatre.css]
[www.himalayan.com/wp-content/themes/sportclub/assets/css/open-air-theatre.css]
[www.himalayan.com/wp-content/themes/sportclub/assets/css/table-tennis.css]
[www.himalayan.com/wp-content/themes/sportclub/assets/css/accomodation.css]
[www.himalayan.com/wp-content/themes/sportclub/assets/css/banquet-multipurposehall.css]
[www.himalayan.com/wp-content/themes/sportclub/assets/css/dining.css]
[www.himalayan.com/wp-content/themes/sportclub/assets/css/lawn.css]
[www.himalayan.com/wp-content/themes/sportclub/assets/css/library.css]
[www.himalayan.com/wp-content/themes/sportclub/assets/css/about-membership.css]
[www.himalayan.com/wp-content/themes/sportclub/assets/css/membership-fees.css]
[www.himalayan.com/wp-content/themes/sportclub/assets/css/institutional-membership.css]
[www.himalayan.com/wp-content/themes/sportclub/assets/css/life-membership.css]
[www.himalayan.com/wp-content/themes/sportclub/assets/css/other-membership.css]
[www.himalayan.com/wp-content/themes/sportclub/assets/css/ordinary-membership.css]
[www.himalayan.com/wp-content/themes/sportclub/assets/css/junior-membership.css]
[www.himalayan.com/wp-content/themes/sportclub/assets/css/associated-clube.css]
[www.himalayan.com/wp-content/themes/sportclub/assets/css/newsletter.css]
[www.himalayan.com/wp-content/themes/sportclub/assets/css/inquiry-form.css]
[www.himalayan.com/wp-content/themes/sportclub/assets/css/contactus.css]
[www.himalayan.com/wp-content/themes/sportclub/assets/css/custom.css]
[www.himalayan.com/wp-content/themes/sportclub/assets/css/style.css]
[www.himalayan.com/wp-content/themes/sportclub/assets/css/developer.css]
[cdnjs.cloudflare.com/ajax/libs/slick-carousel/1.9.0/ajax-loader.gif]
[cdnjs.cloudflare.com/ajax/libs/slick-carousel/1.9.0/fonts/slick.eot]
[cdnjs.cloudflare.com/ajax/libs/slick-carousel/1.9.0/fonts/slickd41d.eot]
[cdnjs.cloudflare.com/ajax/libs/slick-carousel/1.9.0/fonts/slick.woff]
[cdnjs.cloudflare.com/ajax/libs/slick-carousel/1.9.0/fonts/slick.ttf]
[cdnjs.cloudflare.com/ajax/libs/slick-carousel/1.9.0/slick-theme.min.css]
[cdnjs.cloudflare.com/ajax/libs/slick-carousel/1.9.0/slick.min.css]
[www.himalayan.com/wp-content/themes/sportclub/assets/slick/slick.css]
[cdnjs.cloudflare.com/ajax/libs/slick-carousel/1.9.0/fonts/slick.svg]
[www.himalayan.com/wp-content/themes/sportclub/assets/slick/ajax-loader.gif]
[www.himalayan.com/wp-content/themes/sportclub/assets/slick/fonts/slick.eot]
[www.himalayan.com/wp-content/themes/sportclub/assets/slick/fonts/slick.woff]
[www.himalayan.com/wp-content/themes/sportclub/assets/slick/fonts/slick.ttf]
[www.himalayan.com/wp-content/themes/sportclub/assets/slick/fonts/slickd41d.eot]
[www.himalayan.com/wp-content/themes/sportclub/assets/slick/slick-theme.css]
[www.himalayan.com/wp-content/themes/sportclub/assets/images/loading.gif]
[www.himalayan.com/wp-content/themes/sportclub/assets/css/lightbox.min.css]
[www.himalayan.com/wp-content/themes/sportclub/assets/images/prev.png]
[www.himalayan.com/wp-content/themes/sportclub/assets/images/next.png]
[www.himalayan.com/wp-content/themes/sportclub/assets/css/lightbox.css]
[cdnjs.cloudflare.com/ajax/libs/font-awesome/4.7.0/css/font-awesome.min.css]
[code.jquery.com/ui/1.12.1/themes/base/images/ui-icons_444444_256x240.png]
[code.jquery.com/ui/1.12.1/themes/base/images/ui-icons_555555_256x240.png]
[code.jquery.com/ui/1.12.1/themes/base/images/ui-icons_ffffff_256x240.png]
[code.jquery.com/ui/1.12.1/themes/base/images/ui-icons_777620_256x240.png]
[code.jquery.com/ui/1.12.1/themes/base/images/ui-icons_cc0000_256x240.png]
[code.jquery.com/ui/1.12.1/themes/base/images/ui-icons_777777_256x240.png]
[code.jquery.com/ui/1.12.1/themes/base/jquery-ui.css]
[www.himalayan.com/wp-includes/css/dist/block-library/style.min2050.css]
[www.himalayan.com/wp-content/plugins/contact-form-7/images/ajax-loader.gif]
[www.himalayan.com/wp-content/plugins/contact-form-7/includes/css/stylesb62d.css]
[www.himalayan.com/wp-content/themes/sportclub/assets/js/simple-ajax-example2050.js]
[www.himalayan.com/wp-json/oembed/1.0/embed7354.json]
[www.himalayan.com/wp-json/oembed/1.0/embeddca2]
[www.himalayan.com/wp-content/uploads/2020/02/img123-1.jpg]
[www.himalayan.com/wp-content/uploads/2020/01/Untitled-dfdf2.png]
[www.himalayan.com/president-message/index.html]
[www.himalayan.com/wp-json/oembed/1.0/embedb16d.json]
[www.himalayan.com/wp-json/oembed/1.0/embedf3f9]
[www.himalayan.com/wp-content/uploads/2019/08/glorious-past-banner.jpg]
[www.himalayan.com/wp-content/uploads/2019/08/gp-img-1.png]
[www.himalayan.com/wp-content/uploads/2019/08/gp-img-2.png]
[www.himalayan.com/glorious-past/index.html]
[www.himalayan.com/wp-json/oembed/1.0/embed3d33.json]
[www.himalayan.com/wp-json/oembed/1.0/embed12ed]
[www.himalayan.com/wp-content/uploads/2021/03/NARENDRA.jpg]
[www.himalayan.com/wp-content/uploads/2020/01/Untitled-112.jpg]
[www.himalayan.com/wp-content/uploads/2020/01/Untitled-1.jpg]
[www.himalayan.com/wp-content/uploads/2021/03/Chintan.png]
[www.himalayan.com/wp-content/uploads/2020/01/Untitled-11.jpg]
[www.himalayan.com/wp-content/uploads/2020/12/RAJPAL-new.png]
[www.himalayan.com/wp-content/uploads/2020/12/DIPAK-new-1.png]
[www.himalayan.com/wp-content/themes/sportclub/assets/images/bullet.png]
[www.himalayan.com/committee-members/index.html]
[www.himalayan.com/wp-json/oembed/1.0/embed2af7.json]
[www.himalayan.com/wp-json/oembed/1.0/embed1aeb]
[www.himalayan.com/wp-content/uploads/2019/08/gallery-banner.jpg]
[www.himalayan.com/wp-content/uploads/2019/08/gallery-3-big.jpg]
[www.himalayan.com/wp-content/uploads/2019/08/gallery-5-big.jpg]
[www.himalayan.com/wp-content/uploads/2019/08/gallery-6-big.jpg]
[www.himalayan.com/wp-content/uploads/2019/08/gallery-7-big.jpg]
[www.himalayan.com/wp-content/uploads/2019/08/gallery-9-big.jpg]
[www.himalayan.com/wp-content/uploads/2019/08/gallery-10-big.jpg]
[www.himalayan.com/wp-content/uploads/2019/08/gallery-11-big.jpg]
[www.himalayan.com/wp-content/uploads/2019/08/gallery-12-big.jpg]
[www.himalayan.com/wp-content/uploads/2019/08/gallery-14-big.jpg]
[www.himalayan.com/wp-content/uploads/2019/08/gallery-15-big.jpg]
[www.himalayan.com/wp-content/uploads/2019/08/gallery-16-big.jpg]
[www.himalayan.com/wp-content/uploads/2019/08/gallery-18-big.jpg]
[www.himalayan.com/wp-content/uploads/2019/08/gallery-19-big.jpg]
[www.himalayan.com/wp-content/uploads/2019/08/gallery-20-big.jpg]
[www.himalayan.com/gallery/index.html]
[www.himalayan.com/wp-content/uploads/2021/09/SCRUTINIZERS-REPORT-OF-58TH-AGM.pdf]
[www.himalayan.com/wp-content/uploads/2021/09/Newspaper-Advertisement.pdf]
[www.himalayan.com/wp-content/uploads/2020/09/Memorandum-Articles-of-Association.pdf]
[www.himalayan.com/wp-content/uploads/2021/09/Annual-Return.pdf]
[www.himalayan.com/wp-json/oembed/1.0/embed4093.json]
[www.himalayan.com/wp-json/oembed/1.0/embede108]
[www.himalayan.com/wp-content/uploads/2019/08/aqua-point-banner.jpg]
[www.himalayan.com/wp-content/uploads/2019/08/aqua_point_img.png]
[www.himalayan.com/wp-content/uploads/2019/08/aqua-point-1.jpg]
[www.himalayan.com/wp-content/uploads/2019/08/aqua-point-2.jpg]
[www.himalayan.com/wp-content/uploads/2019/08/aqua-point-3.jpg]
[www.himalayan.com/wp-content/uploads/2019/08/aqua-point-4.jpg]
[www.himalayan.com/wp-content/uploads/2019/08/IMG_8405.jpg]
[www.himalayan.com/wp-content/uploads/2019/08/aqua-point-5.jpg]
[www.himalayan.com/wp-content/uploads/2019/08/Swimming Coaching (For Guests).pdf]
[www.himalayan.com/wp-content/uploads/2019/08/Swimming Pool (Regular).pdf]
[www.himalayan.com/wp-content/uploads/2019/08/Swimming Pool Coaching.pdf]
[www.himalayan.com/wp-content/uploads/2019/08/Swimming Pool Personal Coaching.pdf]
[www.himalayan.com/club-activities/aqua-point/index.html]
[www.himalayan.com/wp-json/oembed/1.0/embed9a7d.json]
[www.himalayan.com/wp-json/oembed/1.0/embed1d5e]
[www.himalayan.com/wp-content/uploads/2019/08/IMG_8523.jpg]
[www.himalayan.com/wp-content/uploads/2019/08/badminton_img.png]
[www.himalayan.com/wp-content/uploads/2019/08/Badminton Playing Charges.pdf]
[www.himalayan.com/wp-content/uploads/2019/08/Badminton Regular Coaching.pdf]
[www.himalayan.com/club-activities/badminton/index.html]
[www.himalayan.com/wp-json/oembed/1.0/embede532.json]
[www.himalayan.com/wp-json/oembed/1.0/embed668a]
[www.himalayan.com/wp-content/uploads/2019/08/16-que-zone-1.jpg]
[www.himalayan.com/wp-content/uploads/2019/08/cuezone_img.png]
[www.himalayan.com/wp-content/uploads/2019/08/dining_cafe_img.png]
[www.himalayan.com/wp-content/uploads/2019/08/cuezone1.jpg]
[www.himalayan.com/wp-content/uploads/2019/08/CUEZONE2.jpg]
[www.himalayan.com/wp-content/uploads/2019/08/CUEZONE3.jpg]
[www.himalayan.com/wp-content/uploads/2019/08/CUEZUNE4.jpg]
[www.himalayan.com/wp-content/uploads/2019/08/Billiard Playing Charges.pdf]
[www.himalayan.com/club-activities/billiards/index.html]
[www.himalayan.com/wp-json/oembed/1.0/embedf428.json]
[www.himalayan.com/wp-json/oembed/1.0/embedc8f9]
[www.himalayan.com/wp-content/uploads/2019/08/body-zone-banner.jpg]
[www.himalayan.com/wp-content/uploads/2019/08/body-zone-1.jpg]
[www.himalayan.com/wp-content/uploads/2019/08/body-zone-2.jpg]
[www.himalayan.com/wp-content/uploads/2019/08/body-zone-3.jpg]
[www.himalayan.com/wp-content/uploads/2019/08/fitness_img1.png]
[www.himalayan.com/wp-content/uploads/2019/08/fitness_img2.png]
[www.himalayan.com/wp-content/uploads/2019/08/fitness_img3.png]
[www.himalayan.com/wp-content/uploads/2019/08/Health Centre Application Form.pdf]
[www.himalayan.com/wp-content/uploads/2019/08/Advance Personal Fitness Training (HC).pdf]
[www.himalayan.com/wp-content/uploads/2019/08/Acupressure (Special Package Offer).pdf]
[www.himalayan.com/wp-content/uploads/2019/08/Gym Aerobics.pdf]
[www.himalayan.com/club-activities/body-zone/index.html]
[www.himalayan.com/wp-json/oembed/1.0/embedc8ff.json]
[www.himalayan.com/wp-json/oembed/1.0/embed14ce]
[www.himalayan.com/wp-content/uploads/2019/08/IMG_92071-1.jpg]
[www.himalayan.com/wp-content/uploads/2019/08/card_room.png]
[www.himalayan.com/wp-content/uploads/2019/08/DSC_2919.jpg]
[www.himalayan.com/wp-content/uploads/2019/08/Card Playing Charges.pdf]
[www.himalayan.com/club-activities/card-room/index.html]
[www.himalayan.com/wp-json/oembed/1.0/embed27d2.json]
[www.himalayan.com/wp-json/oembed/1.0/embedf8ea]
[www.himalayan.com/wp-content/uploads/2019/08/IMG_5340.jpg]
[www.himalayan.com/wp-content/uploads/2019/08/IMG_53ff40.jpg]
[www.himalayan.com/wp-content/uploads/2019/08/IMG_5338.jpg]
[www.himalayan.com/wp-content/uploads/2019/08/CRICKET1.jpg]
[www.himalayan.com/wp-content/uploads/2019/08/CRICKET2.jpg]
[www.himalayan.com/wp-content/uploads/2019/08/CRICKET3.jpg]
[www.himalayan.com/club-activities/cricket/index.html]
[www.himalayan.com/wp-json/oembed/1.0/embedaac1.json]
[www.himalayan.com/wp-json/oembed/1.0/embed1a49]
[www.himalayan.com/wp-content/uploads/2019/08/IMG_69561.jpg]
[www.himalayan.com/wp-content/uploads/2019/08/theatre_img.png]
[www.himalayan.com/wp-content/uploads/2019/08/IMG_8396.jpg]
[www.himalayan.com/wp-content/uploads/2019/08/IMG_8395.jpg]
[www.himalayan.com/club-activities/home-theatre/index.html]
[www.himalayan.com/wp-json/oembed/1.0/embed11cb.json]
[www.himalayan.com/wp-json/oembed/1.0/embedcc12]
[www.himalayan.com/wp-content/uploads/2019/08/Untitled-22.jpg]
[www.himalayan.com/wp-content/uploads/2019/08/IMG_2221.jpg]
[www.himalayan.com/wp-content/uploads/2019/08/333.jpg]
[www.himalayan.com/wp-content/uploads/2019/08/IMG_9994.jpg]
[www.himalayan.com/wp-content/uploads/2019/08/Table Tennis Coaching.pdf]
[www.himalayan.com/wp-content/uploads/2019/08/Table Tennis Playing Charges.pdf]
[www.himalayan.com/club-activities/table-tennis/index.html]
[www.himalayan.com/wp-json/oembed/1.0/embedbef4.json]
[www.himalayan.com/wp-json/oembed/1.0/embed3150]
[www.himalayan.com/wp-content/uploads/2020/01/3Z7A9268.jpg]
[www.himalayan.com/wp-content/uploads/2020/01/111-1.jpg]
[www.himalayan.com/wp-content/uploads/2020/01/3Z7A9267.jpg]
[www.himalayan.com/wp-content/uploads/2019/08/Squash Coaching.pdf]
[www.himalayan.com/wp-content/uploads/2019/08/Squash Playing Charges.pdf]
[www.himalayan.com/club-activities/squash/index.html]
[www.himalayan.com/wp-json/oembed/1.0/embed8414.json]
[www.himalayan.com/wp-json/oembed/1.0/embedc6f1]
[www.himalayan.com/wp-content/uploads/2020/01/IMG_0398.jpg]
[www.himalayan.com/wp-content/uploads/2020/01/IMG_0403.jpg]
[www.himalayan.com/club-activities/music/index.html]
[www.himalayan.com/wp-json/oembed/1.0/embed7e35.json]
[www.himalayan.com/wp-json/oembed/1.0/embedf90b]
[www.himalayan.com/wp-content/uploads/2019/08/10-room-reception-Copy.jpg]
[www.himalayan.com/wp-content/uploads/2019/08/rooms_img1.png]
[www.himalayan.com/wp-content/uploads/2019/08/rooms_img2.png]
[www.himalayan.com/wp-content/uploads/2019/08/rooms_img3.png]
[www.himalayan.com/wp-content/uploads/2019/08/rooms_foyer_img2.png]
[www.himalayan.com/wp-content/uploads/2019/08/roos_foyer_img1.png]
[www.himalayan.com/wp-content/uploads/2019/08/rooms_foyer_img3.png]
[www.himalayan.com/wp-content/uploads/2019/08/IMG_1330-1.jpg]
[www.himalayan.com/wp-content/uploads/2019/08/DSC_2968.jpg]
[www.himalayan.com/facilities/accomodation/index.html]
[www.himalayan.com/wp-json/oembed/1.0/embed1736.json]
[www.himalayan.com/wp-json/oembed/1.0/embedc501]
[www.himalayan.com/wp-content/uploads/2019/08/IMG_7271-1.jpg]
[www.himalayan.com/wp-content/uploads/2019/08/occacion_img.png]
[www.himalayan.com/wp-content/uploads/2019/08/events-banquet-hall-ii.jpg]
[www.himalayan.com/wp-content/uploads/2019/08/events-banquet-hall-iii.jpg]
[www.himalayan.com/wp-content/uploads/2019/08/events-banquet-hall-i.jpg]
[www.himalayan.com/wp-content/uploads/2021/11/EVENTS-BOOKING-FORM-1.pdf]
[www.himalayan.com/wp-content/uploads/2021/11/EVENTS-BOOKING-FORM-2.pdf]
[www.himalayan.com/facilities/banquet-multipurpose-hall/index.html]
[www.himalayan.com/wp-json/oembed/1.0/embede296.json]
[www.himalayan.com/wp-json/oembed/1.0/embed6826]
[www.himalayan.com/wp-content/uploads/2019/08/Untitled-343432.jpg]
[www.himalayan.com/wp-content/uploads/2019/08/21-i-greens-multi-cuisine-restaurant.jpg]
[www.himalayan.com/wp-content/uploads/2019/08/cafecourt_img.png]
[www.himalayan.com/wp-content/uploads/2019/08/21-ii-greens-multi-cuisine-restaurant.jpg]
[www.himalayan.com/wp-content/uploads/2019/08/IMG_8385.jpg]
[www.himalayan.com/wp-content/uploads/2019/08/dining-3.jpg]
[www.himalayan.com/wp-content/uploads/2019/08/dining-4.jpg]
[www.himalayan.com/wp-content/uploads/2019/08/launge_img.png]
[www.himalayan.com/wp-content/uploads/2019/08/dining-5.jpg]
[www.himalayan.com/facilities/food-and-beverages/index.html]
[www.himalayan.com/wp-json/oembed/1.0/embedbc19.json]
[www.himalayan.com/wp-json/oembed/1.0/embed31e4]
[www.himalayan.com/wp-content/uploads/2019/08/IMG_00021.jpg]
[www.himalayan.com/wp-content/uploads/2019/08/IMG_5548.jpg]
[www.himalayan.com/wp-content/uploads/2019/08/lawn-1.jpg]
[www.himalayan.com/wp-content/uploads/2019/08/lawn-3.jpg]
[www.himalayan.com/facilities/lawn/index.html]
[www.himalayan.com/wp-json/oembed/1.0/embed2d7a.json]
[www.himalayan.com/wp-json/oembed/1.0/embed89fe]
[www.himalayan.com/wp-content/uploads/2019/08/IMG_16031.jpg]
[www.himalayan.com/wp-content/uploads/2019/08/library.png]
[www.himalayan.com/wp-content/uploads/2019/08/library-2.jpg]
[www.himalayan.com/facilities/library/index.html]
[www.himalayan.com/wp-json/oembed/1.0/embed878e.json]
[www.himalayan.com/wp-json/oembed/1.0/embed57e5]
[code.jquery.com/jquery-3.5.1.js]
[cdn.datatables.net/1.10.23/css/jquery.dataTables.min.css]
[www.himalayan.com/book-list/index.html]
[cdn.datatables.net/1.10.23/js/jquery.dataTables.min.js]
[www.himalayan.com/wp-json/oembed/1.0/embed13a1.json]
[www.himalayan.com/wp-json/oembed/1.0/embed519e]
[www.himalayan.com/wp-content/uploads/2019/08/IMG_8531.jpg]
[www.himalayan.com/wp-content/uploads/2019/08/IMG_8534.jpg]
[www.himalayan.com/wp-content/uploads/2019/08/IMG_5359.jpg]
[www.himalayan.com/club-activities/open-air-theatre/index.html]
[www.himalayan.com/wp-json/oembed/1.0/embedb9c3.json]
[www.himalayan.com/wp-json/oembed/1.0/embed00d2]
[www.himalayan.com/wp-content/uploads/2019/08/about-membership-1.jpg]
[www.himalayan.com/wp-content/uploads/2019/08/about-membership-2.jpg]
[www.himalayan.com/wp-content/uploads/2019/08/about-membership-3.jpg]
[www.himalayan.com/membership/about-membership/index.html]
[www.himalayan.com/wp-json/oembed/1.0/embedeeb3.json]
[www.himalayan.com/wp-json/oembed/1.0/embeddc2f]
[www.himalayan.com/wp-content/uploads/2019/08/membership-fees.jpg]
[www.himalayan.com/membership/membership-fees/index.html]
[www.himalayan.com/wp-json/oembed/1.0/embedcf79.json]
[www.himalayan.com/wp-json/oembed/1.0/embed55c4]
[www.himalayan.com/membership/institutional-membership/index.html]
[www.himalayan.com/wp-json/oembed/1.0/embed7673.json]
[www.himalayan.com/wp-json/oembed/1.0/embed08b9]
[www.himalayan.com/membership/life-membership/index.html]
[www.himalayan.com/wp-json/oembed/1.0/embed0102.json]
[www.himalayan.com/wp-json/oembed/1.0/embed8f99]
[www.himalayan.com/membership/other-membership/index.html]
[www.himalayan.com/wp-json/oembed/1.0/embedf325.json]
[www.himalayan.com/wp-json/oembed/1.0/embedb10f]
[www.himalayan.com/membership/ordinary-membership/index.html]
[www.himalayan.com/wp-json/oembed/1.0/embed4fc9.json]
[www.himalayan.com/wp-json/oembed/1.0/embed162d]
[www.himalayan.com/membership/provisional-membership/index.html]
[www.himalayan.com/wp-json/oembed/1.0/embede87a.json]
[www.himalayan.com/wp-json/oembed/1.0/embed7131]
[www.himalayan.com/wp-content/uploads/2020/10/New-Unit-Membership.jpg]
[www.himalayan.com/membership/new-unit-membership/index.html]
[www.himalayan.com/wp-json/oembed/1.0/embed5211.json]
[www.himalayan.com/wp-json/oembed/1.0/embed126c]
[www.himalayan.com/wp-content/uploads/2019/08/inquiry-banner.jpg]
[www.himalayan.com/inquiry-form/index.html]
[www.himalayan.com/wp-json/oembed/1.0/embed8f13]
[www.himalayan.com/wp-content/uploads/2019/08/associated-clubs-banner.jpg]
[www.himalayan.com/associated-clubs/index.html]
[www.himalayan.com/wp-json/oembed/1.0/embed3b0d.json]
[www.himalayan.com/wp-json/oembed/1.0/embed0255]
[www.himalayan.com/new-events/index.html]
[www.himalayan.com/wp-json/oembed/1.0/embedb117.json]
[www.himalayan.com/wp-json/oembed/1.0/embed0f2a]
[www.himalayan.com/wp-content/uploads/2021/12/MicrosoftTeams-image.jpg]
[www.himalayan.com/wp-content/uploads/2021/09/WhatsApp-Image-2021-09-21-at-12.29.25-PM.jpg]
[www.himalayan.com/wp-content/uploads/2021/09/WhatsApp-Image-2021-09-14-at-5.03.21-PM-1.jpg]
[www.himalayan.com/wp-content/uploads/2021/09/WhatsApp-Image-2021-09-14-at-3.26.35-PM.jpg]
[www.himalayan.com/wp-content/uploads/2021/09/WhatsApp-Image-2021-09-07-at-3.19.59-PM.jpg]
[www.himalayan.com/wp-content/uploads/2021/09/WhatsApp-Image-2021-09-01-at-2.03.24-PM.jpg]
[www.himalayan.com/wp-content/uploads/2021/09/WhatsApp-Image-2021-08-31-at-8.57.23-AM.jpg]
[www.himalayan.com/wp-content/uploads/2021/08/WhatsApp-Image-2021-08-17-at-5.51.52-PM.jpg]
[www.himalayan.com/wp-content/uploads/2021/08/WhatsApp-Image-2021-08-15-at-10.52.49-AM.jpg]
[www.himalayan.com/wp-content/uploads/2021/08/WhatsApp-Image-2021-08-15-at-10.52.46-AM.jpg]
[www.himalayan.com/wp-content/uploads/2021/08/WhatsApp-Image-2021-08-15-at-10.52.47-AM2.jpg]
[www.himalayan.com/wp-content/uploads/2021/08/WhatsApp-Image-2021-08-15-at-10.52.47-AM1.jpg]
[www.himalayan.com/wp-content/uploads/2021/08/WhatsApp-Image-2021-08-15-at-10.52.47-AM.jpg]
[www.himalayan.com/wp-content/uploads/2021/08/WhatsApp-Image-2021-08-15-at-10.52.48-AM.jpg]
[www.himalayan.com/wp-content/uploads/2021/08/WhatsApp-Image-2021-08-15-at-10.52.49-AM1.jpg]
[www.himalayan.com/wp-content/uploads/2021/08/WhatsApp-Image-2021-08-15-at-11.46.48-AM4.jpg]
[www.himalayan.com/wp-content/uploads/2021/08/WhatsApp-Image-2021-08-15-at-11.46.48-AM3.jpg]
[www.himalayan.com/wp-content/uploads/2021/08/WhatsApp-Image-2021-08-15-at-11.46.48-AM2.jpg]
[www.himalayan.com/wp-content/uploads/2021/08/WhatsApp-Image-2021-08-15-at-11.46.48-AM.jpg]
[www.himalayan.com/wp-content/uploads/2021/07/WhatsApp-Image-2021-07-28-at-11.21.09-AM.jpg]
[www.himalayan.com/wp-content/uploads/2020/12/IMG_1433.jpg]
[www.himalayan.com/wp-content/uploads/2020/12/IMG_1442.jpg]
[www.himalayan.com/wp-content/uploads/2020/12/IMG_1459.jpg]
[www.himalayan.com/wp-content/uploads/2020/12/IMG_1463.jpg]
[www.himalayan.com/wp-content/uploads/2020/12/IMG_1464.jpg]
[www.himalayan.com/wp-content/uploads/2020/12/IMG_1500.jpg]
[www.himalayan.com/wp-content/uploads/2020/12/IMG_1521.jpg]
[www.himalayan.com/wp-content/uploads/2020/12/IMG_1533.jpg]
[www.himalayan.com/wp-content/uploads/2020/12/IMG_3482.jpg]
[www.himalayan.com/wp-content/uploads/2020/12/IMG_3559.jpg]
[www.himalayan.com/wp-content/uploads/2020/12/IMG_3560.jpg]
[www.himalayan.com/wp-content/uploads/2020/12/IMG_3565.jpg]
[www.himalayan.com/wp-content/uploads/2020/12/IMG_3569.jpg]
[www.himalayan.com/wp-content/uploads/2020/12/IMG_3575.jpg]
[www.himalayan.com/wp-content/uploads/2020/12/IMG_3598.jpg]
[www.himalayan.com/wp-content/uploads/2020/12/IMG_3654.jpg]
[www.himalayan.com/wp-content/uploads/2020/12/IMG_3665.jpg]
[www.himalayan.com/wp-content/uploads/2020/12/IMG_3716.jpg]
[www.himalayan.com/wp-content/uploads/2020/12/IMG_3447.jpg]
[www.himalayan.com/wp-content/uploads/2020/12/IMG_3667.jpg]
[www.himalayan.com/wp-content/uploads/2020/12/IMG_3707.jpg]
[www.himalayan.com/wp-content/uploads/2020/12/IMG_3697.jpg]
[www.himalayan.com/wp-content/uploads/2020/12/IMG_3726.jpg]
[www.himalayan.com/wp-content/uploads/2020/12/IMG_3686.jpg]
[www.himalayan.com/wp-content/uploads/2020/12/IMG_3757.jpg]
[www.himalayan.com/wp-content/uploads/2020/12/IMG_3808.jpg]
[www.himalayan.com/wp-content/uploads/2020/12/IMG_3860.jpg]
[www.himalayan.com/wp-content/uploads/2020/12/IMG_3884.jpg]
[www.himalayan.com/wp-content/uploads/2020/12/IMG_3945.jpg]
[www.himalayan.com/wp-content/uploads/2020/12/IMG_4145.jpg]
[www.himalayan.com/wp-content/uploads/2020/12/IMG_4148.jpg]
[www.himalayan.com/wp-content/uploads/2020/12/IMG_4206.jpg]
[www.himalayan.com/wp-content/uploads/2020/12/IMG_4213.jpg]
[www.himalayan.com/wp-content/uploads/2020/12/IMG_4219.jpg]
[www.himalayan.com/wp-content/uploads/2020/12/IMG_4241.jpg]
[www.himalayan.com/wp-content/uploads/2020/12/CHA_6756.jpg]
[www.himalayan.com/wp-content/uploads/2020/12/CHA_6767.jpg]
[www.himalayan.com/wp-content/uploads/2020/12/CHA_6779.jpg]
[www.himalayan.com/wp-content/uploads/2020/12/CHA_6817.jpg]
[www.himalayan.com/wp-content/uploads/2020/12/CHA_6820.jpg]
[www.himalayan.com/wp-content/uploads/2020/12/CHA_6822.jpg]
[www.himalayan.com/wp-content/uploads/2020/12/CHA_6857.jpg]
[www.himalayan.com/wp-content/uploads/2020/12/CHA_6873.jpg]
[www.himalayan.com/wp-content/uploads/2020/12/CHA_6913.jpg]
[www.himalayan.com/wp-content/uploads/2020/12/CHA_6915.jpg]
[www.himalayan.com/wp-content/uploads/2020/12/CHA_6936.jpg]
[www.himalayan.com/wp-content/uploads/2020/12/CHA_6956.jpg]
[www.himalayan.com/wp-content/uploads/2020/12/IMG_9400.jpg]
[www.himalayan.com/wp-content/uploads/2020/12/IMG_9405.jpg]
[www.himalayan.com/wp-content/uploads/2020/12/IMG_9272.jpg]
[www.himalayan.com/wp-content/uploads/2020/12/IMG_9359.jpg]
[www.himalayan.com/wp-content/uploads/2020/12/IMG_9387.jpg]
[www.himalayan.com/wp-content/uploads/2020/12/IMG_9431.jpg]
[www.himalayan.com/wp-content/uploads/2020/12/IMG_9464.jpg]
[www.himalayan.com/wp-content/uploads/2020/12/IMG_9467.jpg]
[www.himalayan.com/wp-content/uploads/2020/12/IMG_9514.jpg]
[www.himalayan.com/wp-content/uploads/2020/12/IMG_9524.jpg]
[www.himalayan.com/wp-content/uploads/2020/12/IMG_9596.jpg]
[www.himalayan.com/wp-content/uploads/2020/12/NPV_8342.jpg]
[www.himalayan.com/wp-content/uploads/2020/12/NPV_8115.jpg]
[www.himalayan.com/wp-content/uploads/2020/12/NPV_8120.jpg]
[www.himalayan.com/wp-content/uploads/2020/12/NPV_8132.jpg]
[www.himalayan.com/wp-content/uploads/2020/12/NPV_8244.jpg]
[www.himalayan.com/wp-content/uploads/2020/12/NPV_8257.jpg]
[www.himalayan.com/wp-content/uploads/2020/12/NPV_8278.jpg]
[www.himalayan.com/wp-content/uploads/2020/12/NPV_8291.jpg]
[www.himalayan.com/wp-content/uploads/2020/12/NPV_8293.jpg]
[www.himalayan.com/wp-content/uploads/2020/12/NPV_8297.jpg]
[www.himalayan.com/wp-content/uploads/2020/12/NPV_8329.jpg]
[www.himalayan.com/wp-content/uploads/2020/12/NPV_8340.jpg]
[www.himalayan.com/wp-content/uploads/2020/12/NPV_8334.jpg]
[www.himalayan.com/wp-content/uploads/2020/12/NPV_8358.jpg]
[www.himalayan.com/wp-content/uploads/2020/12/NPV_8382.jpg]
[www.himalayan.com/wp-content/uploads/2020/12/NPV_8383.jpg]
[www.himalayan.com/wp-content/uploads/2020/12/NPV_8384.jpg]
[www.himalayan.com/wp-content/uploads/2020/12/NPV_8417.jpg]
[www.himalayan.com/wp-content/uploads/2020/12/NPV_8444.jpg]
[www.himalayan.com/wp-content/uploads/2020/12/NPV_8460.jpg]
[www.himalayan.com/wp-content/uploads/2020/12/NPV_8486.jpg]
[www.himalayan.com/wp-content/uploads/2020/12/NPV_8500.jpg]
[www.himalayan.com/wp-content/uploads/2020/12/NPV_8505.jpg]
[www.himalayan.com/wp-content/uploads/2020/12/NPV_8589.jpg]
[www.himalayan.com/wp-content/uploads/2020/12/NPV_8553.jpg]
[www.himalayan.com/wp-content/uploads/2020/12/NPV_8561.jpg]
[www.himalayan.com/wp-content/uploads/2020/12/NPV_8609.jpg]
[www.himalayan.com/wp-content/uploads/2020/12/NPV_8619.jpg]
[www.himalayan.com/wp-content/uploads/2020/12/NPV_8632.jpg]
[www.himalayan.com/wp-content/uploads/2020/12/NPV_8638.jpg]
[www.himalayan.com/wp-content/uploads/2020/12/NPV_8639.jpg]
[www.himalayan.com/wp-content/uploads/2020/12/NPV_8642.jpg]
[www.himalayan.com/wp-content/uploads/2020/12/NPV_8658.jpg]
[www.himalayan.com/wp-content/uploads/2020/12/NPV_8669.jpg]
[www.himalayan.com/wp-content/uploads/2020/12/NPV_8674.jpg]
[www.himalayan.com/wp-content/uploads/2020/12/NPV_8680.jpg]
[www.himalayan.com/wp-content/uploads/2020/12/NPV_8710.jpg]
[www.himalayan.com/wp-content/uploads/2020/12/NPV_8721.jpg]
[www.himalayan.com/wp-content/uploads/2020/12/IMG_0479.jpg]
[www.himalayan.com/wp-content/uploads/2020/12/IMG_0428.jpg]
[www.himalayan.com/wp-content/uploads/2020/12/IMG_0525.jpg]
[www.himalayan.com/wp-content/uploads/2020/12/IMG_1193.jpg]
[www.himalayan.com/wp-content/uploads/2020/12/IMG_1226.jpg]
[www.himalayan.com/wp-content/uploads/2020/12/IMG_1257.jpg]
[www.himalayan.com/wp-content/uploads/2020/12/IMG_1283.jpg]
[www.himalayan.com/wp-content/uploads/2020/12/IMG_1308.jpg]
[www.himalayan.com/wp-content/uploads/2020/12/IMG_1311.jpg]
[www.himalayan.com/wp-content/uploads/2020/12/IMG_1319.jpg]
[www.himalayan.com/wp-content/uploads/2020/12/IMG_1321.jpg]
[www.himalayan.com/wp-content/uploads/2020/12/IMG_1687.jpg]
[www.himalayan.com/wp-content/uploads/2020/12/IMG_1698.jpg]
[www.himalayan.com/wp-content/uploads/2020/12/IMG_1801.jpg]
[www.himalayan.com/wp-content/uploads/2020/12/IMG_1779.jpg]
[www.himalayan.com/wp-content/uploads/2020/12/IMG_1717.jpg]
[www.himalayan.com/wp-content/uploads/2020/12/IMG_7843.jpg]
[www.himalayan.com/wp-content/uploads/2020/12/IMG_7859.jpg]
[www.himalayan.com/wp-content/uploads/2020/12/IMG_7855.jpg]
[www.himalayan.com/wp-content/uploads/2020/12/IMG_7852.jpg]
[www.himalayan.com/wp-content/uploads/2020/12/IMG_7833.jpg]
[www.himalayan.com/wp-content/uploads/2020/12/IMG_7765.jpg]
[www.himalayan.com/wp-content/uploads/2020/12/IMG_7757.jpg]
[www.himalayan.com/wp-content/uploads/2020/12/IMG_7747.jpg]
[www.himalayan.com/wp-content/uploads/2020/12/IMG_7534.jpg]
[www.himalayan.com/wp-content/uploads/2020/12/IMG_7514.jpg]
[www.himalayan.com/wp-content/uploads/2020/12/IMG_7471.jpg]
[www.himalayan.com/wp-content/uploads/2020/12/IMG_7498.jpg]
[www.himalayan.com/wp-content/uploads/2020/12/IMG_7443.jpg]
[www.himalayan.com/wp-content/uploads/2020/12/IMG_7406.jpg]
[www.himalayan.com/wp-content/uploads/2020/12/IMG_7246.jpg]
[www.himalayan.com/wp-content/uploads/2020/12/IMG_7188.jpg]
[www.himalayan.com/wp-content/uploads/2020/12/IMG_7037.jpg]
[www.himalayan.com/wp-content/uploads/2020/12/IMG_8790.jpg]
[www.himalayan.com/wp-content/uploads/2020/12/IMG_8746.jpg]
[www.himalayan.com/wp-content/uploads/2020/12/IMG_8785.jpg]
[www.himalayan.com/wp-content/uploads/2020/12/IMG_8824.jpg]
[www.himalayan.com/wp-content/uploads/2020/12/IMG_8826.jpg]
[www.himalayan.com/wp-content/uploads/2020/12/IMG_8874.jpg]
[www.himalayan.com/wp-content/uploads/2020/12/IMG_9038.jpg]
[www.himalayan.com/wp-content/uploads/2020/12/img1.jpg]
[www.himalayan.com/wp-content/uploads/2020/12/img2.jpg]
[www.himalayan.com/wp-content/uploads/2020/12/img2-1.jpg]
[www.himalayan.com/wp-content/uploads/2020/12/img5.jpg]
[www.himalayan.com/wp-content/uploads/2020/12/img3.jpg]
[www.himalayan.com/wp-content/uploads/2020/12/img4-1.jpg]
[www.himalayan.com/wp-content/uploads/2020/12/IMG_20200817_161456-1.jpg]
[www.himalayan.com/wp-content/uploads/2020/12/A.G.M.1.jpg]
[www.himalayan.com/wp-content/uploads/2020/12/A.G.M.2..jpg]
[www.himalayan.com/news/index.html]
[www.himalayan.com/wp-json/oembed/1.0/embedfde4.json]
[www.himalayan.com/wp-json/oembed/1.0/embedc5c5]
[www.himalayan.com/contact-us/index.html]
[www.himalayan.com/wp-content/uploads/2019/09/main_cover1.png]
[www.himalayan.com/wp-content/uploads/2019/09/maincover_img.png]
[www.himalayan.com/wp-content/uploads/2019/09/rooms_img-1.png]
[www.himalayan.com/facilities/dining/index.html]
[www.himalayan.com/wp-content/uploads/2019/09/home_lawn.png]
[www.himalayan.com/wp-content/uploads/2019/09/home_library.png]
[www.himalayan.com/wp-content/uploads/2019/08/gallery-13-big.jpg]
[www.himalayan.com/wp-json/oembed/1.0/embed8b4c.json]
[www.himalayan.com/wp-json/oembed/1.0/embed6a7d]
[www.himalayan.com/terms-conditions/index.html]
[www.himalayan.com/privacy-policy/feed/index.html]
[www.himalayan.com/wp-json/oembed/1.0/embedda69.json]
[www.himalayan.com/wp-json/oembed/1.0/embedd490]
[www.himalayan.com/privacy-policy/index.html]
[www.himalayan.com/wp-content/themes/sportclub/assets/css/variables.css]
[www.himalayan.com/wp-content/themes/sportclub/assets/css/grid.css]
[www.himalayan.com/wp-content/themes/sportclub/assets/css/common.css]
[www.himalayan.com/wp-content/themes/sportclub/assets/css/hamburger.css]
[www.himalayan.com/wp-content/themes/sportclub/assets/css/header.css]
[www.himalayan.com/wp-content/themes/sportclub/assets/css/hero.css]
[www.himalayan.com/wp-content/themes/sportclub/assets/css/about.css]
[www.himalayan.com/wp-content/themes/sportclub/assets/css/facility.css]
[www.himalayan.com/wp-content/themes/sportclub/assets/css/photo-gallery.css]
[www.himalayan.com/wp-content/themes/sportclub/assets/css/map.css]
[www.himalayan.com/wp-content/themes/sportclub/assets/css/footer.css]
[www.himalayan.com/wp-content/themes/sportclub/assets/css/privacy.css]
[www.himalayan.com/wp-content/themes/sportclub/assets/css/president-message.css]
[www.himalayan.com/wp-content/themes/sportclub/assets/css/glorious-past.css]
[www.himalayan.com/wp-content/themes/sportclub/assets/css/committee-members.css]
[www.himalayan.com/wp-content/themes/sportclub/assets/css/gallery.css]
[www.himalayan.com/wp-content/themes/sportclub/assets/css/aquapoint.css]
[www.himalayan.com/wp-content/themes/sportclub/assets/css/badminton.css]
[www.himalayan.com/wp-content/themes/sportclub/assets/css/billiards.css]
[www.himalayan.com/wp-content/themes/sportclub/assets/css/body-zone.css]
[www.himalayan.com/wp-content/themes/sportclub/assets/css/card-room.css]
[www.himalayan.com/wp-content/themes/sportclub/assets/css/cricket.css]
[www.himalayan.com/wp-content/themes/sportclub/assets/css/home-theatre.css]
[www.himalayan.com/wp-content/themes/sportclub/assets/css/open-air-theatre.css]
[www.himalayan.com/wp-content/themes/sportclub/assets/css/table-tennis.css]
[www.himalayan.com/wp-content/themes/sportclub/assets/css/accomodation.css]
[www.himalayan.com/wp-content/themes/sportclub/assets/css/banquet-multipurposehall.css]
[www.himalayan.com/wp-content/themes/sportclub/assets/css/dining.css]
[www.himalayan.com/wp-content/themes/sportclub/assets/css/lawn.css]
[www.himalayan.com/wp-content/themes/sportclub/assets/css/library.css]
[www.himalayan.com/wp-content/themes/sportclub/assets/css/about-membership.css]
[www.himalayan.com/wp-content/themes/sportclub/assets/css/membership-fees.css]
[www.himalayan.com/wp-content/themes/sportclub/assets/css/institutional-membership.css]
[www.himalayan.com/wp-content/themes/sportclub/assets/css/life-membership.css]
[www.himalayan.com/wp-content/themes/sportclub/assets/css/other-membership.css]
[www.himalayan.com/wp-content/themes/sportclub/assets/css/ordinary-membership.css]
[www.himalayan.com/wp-content/themes/sportclub/assets/css/junior-membership.css]
[www.himalayan.com/wp-content/themes/sportclub/assets/css/associated-clube.css]
[www.himalayan.com/wp-content/themes/sportclub/assets/css/newsletter.css]
[www.himalayan.com/wp-content/themes/sportclub/assets/css/inquiry-form.css]
[www.himalayan.com/wp-content/themes/sportclub/assets/css/contactus.css]
[www.himalayan.com/wp-content/themes/sportclub/assets/css/custom.css]
[cdnjs.cloudflare.com/ajax/libs/slick-carousel/1.9.0/fonts/slick.svg]
[www.himalayan.com/wp-content/themes/sportclub/assets/slick/fonts/slick.svg]
[www.himalayan.com/indexa351.html]
[www.himalayan.com/index17d5.html]
[www.himalayan.com/index2847.html]
[www.himalayan.com/index1d45.html]
[www.himalayan.com/indexc2ef.html]
[www.himalayan.com/indexec81.html]
[www.himalayan.com/wp-content/uploads/2020/01/Untitled-dfdf2.png]
[www.himalayan.com/wp-content/uploads/2019/08/gallery-11-big.jpg]
[www.himalayan.com/wp-content/uploads/2019/08/gallery-12-big.jpg]
[www.himalayan.com/wp-content/uploads/2019/08/IMG_8523.jpg]
[www.himalayan.com/wp-content/uploads/2019/08/badminton_img.png]
[www.himalayan.com/indexf5a4.html]
[www.himalayan.com/wp-content/uploads/2019/08/dining_cafe_img.png]
[www.himalayan.com/index18ee.html]
[www.himalayan.com/wp-content/uploads/2019/08/fitness_img3.png]
[www.himalayan.com/wp-content/uploads/2019/08/Health Centre Application Form.pdf]
[www.himalayan.com/wp-content/uploads/2019/08/Aerobics (Ruju Desai).html]
[www.himalayan.com/index12d0.html]
[www.himalayan.com/indexf1ac.html]
[www.himalayan.com/index7080.html]
[www.himalayan.com/wp-content/uploads/2019/08/card_room.png]
[www.himalayan.com/wp-content/uploads/2019/08/theatre_img.png]
[www.himalayan.com/index60bd.html]
[www.himalayan.com/wp-content/uploads/2019/08/Table Tennis Coaching.pdf]
[www.himalayan.com/index327d.html]
[www.himalayan.com/wp-content/uploads/2020/01/3Z7A9268.jpg]
[www.himalayan.com/index1ce2.html]
[www.himalayan.com/wp-content/uploads/2020/01/IMG_0398.jpg]
[www.himalayan.com/index820e.html]
[www.himalayan.com/wp-content/uploads/2019/08/rooms_img2.png]
[www.himalayan.com/wp-content/uploads/2019/08/rooms_foyer_img2.png]
[www.himalayan.com/wp-content/uploads/2019/08/roos_foyer_img1.png]
[www.himalayan.com/wp-content/uploads/2019/08/rooms_foyer_img3.png]
[www.himalayan.com/index2e31.html]
[www.himalayan.com/indexdd01.html]
[www.himalayan.com/wp-content/uploads/2019/08/Untitled-343432.jpg]
[www.himalayan.com/index07ee.html]
[www.himalayan.com/index3e8e.html]
[www.himalayan.com/wp-content/uploads/2019/08/IMG_16031.jpg]
[www.himalayan.com/index1991.html]
[cdn.datatables.net/1.10.23/images/sort_both.png]
[cdn.datatables.net/1.10.23/images/sort_asc.png]
[cdn.datatables.net/1.10.23/images/sort_desc.png]
[cdn.datatables.net/1.10.23/images/sort_asc_disabled.png]
[cdn.datatables.net/1.10.23/images/sort_desc_disabled.png]
[cdn.datatables.net/1.10.23/css/jquery.dataTables.min.css]
[www.himalayan.com/index264a.html]
[www.himalayan.com/index2905.html]
[www.himalayan.com/indexfe24.html]
[www.himalayan.com/index8c8c.html]
[www.himalayan.com/index01a2.html]
[www.himalayan.com/indexb7bc.html]
[www.himalayan.com/index8a0c.html]
[www.himalayan.com/index9c09.html]
[www.himalayan.com/indexebbd.html]
[www.himalayan.com/index2807.html]
[www.himalayan.com/index7dd5.html]
[www.himalayan.com/indexc141.html]
[www.himalayan.com/index2d8c.html]
[www.himalayan.com/indexbdc5.html]
[www.himalayan.com/index6f72.html]
[www.himalayan.com/index2207.html]
[www.himalayan.com/xmlrpc.php]
[www.himalayan.com/wp-content/themes/sportclub/assets/assets/fonts/MyriadPro-Bold.html]
[www.himalayan.com/wp-content/themes/sportclub/assets/assets/fonts/DroidSerif-Italic.html]
[www.himalayan.com/wp-content/themes/sportclub/assets/assets/fonts/MyriadPro-Regular.html]
[www.himalayan.com/wp-content/themes/sportclub/assets/assets/fonts/FuturaBT.html]
[www.himalayan.com/wp-content/uploads/2019/08/membership-fees.jpg]
[www.himalayan.com/wp-json/oembed/1.0/embede792]
